<h1>Project Overview</h1><p>This is a <strong>complex</strong> document with <code>code</code> and <del>removed</del> content.</p><h2>Features</h2><ul><li>Feature one</li><li>Feature two</li></ul><blockquote><p>This is a blockquote spanning multiple lines</p></blockquote><hr /><ac:structured-macro ac:name="code"><ac:parameter ac:name="language">python</ac:parameter><ac:plain-text-body><![CDATA[def hello():
    print("world")]]></ac:plain-text-body></ac:structured-macro><table><tbody><tr><th>Col A</th><th>Col B</th></tr><tr><td>1</td><td>2</td></tr></tbody></table><p>Final paragraph with a <a href="https://example.com">link</a>.</p>